../Core/Src/w25qxx_qspi.c:18:6:w25qxx_Init	8	static
../Core/Src/w25qxx_qspi.c:28:10:w25qxx_GetID	40	static
../Core/Src/w25qxx_qspi.c:48:9:w25qxx_ReadSR	48	static
../Core/Src/w25qxx_qspi.c:63:9:w25qxx_WriteSR	40	static
../Core/Src/w25qxx_qspi.c:73:9:w25qxx_ReadAllStatusReg	8	static
../Core/Src/w25qxx_qspi.c:83:6:W25QXX_Wait_Busy	8	static
../Core/Src/w25qxx_qspi.c:89:9:w25qxx_SetReadParameters	48	static
../Core/Src/w25qxx_qspi.c:101:9:w25qxx_EnterQPI	8	static
../Core/Src/w25qxx_qspi.c:117:9:w25qxx_Startup	16	static
../Core/Src/w25qxx_qspi.c:127:9:W25qxx_WriteEnable	8	static
../Core/Src/w25qxx_qspi.c:136:9:W25qxx_EraseSector	48	static
../Core/Src/w25qxx_qspi.c:160:9:W25qxx_EraseBlock	48	static
../Core/Src/w25qxx_qspi.c:184:9:W25qxx_EraseChip	40	static
../Core/Src/w25qxx_qspi.c:210:9:W25qxx_PageProgram	56	static
../Core/Src/w25qxx_qspi.c:236:9:W25qxx_Read	88	static
../Core/Src/w25qxx_qspi.c:289:6:W25qxx_WriteNoCheck	32	static
../Core/Src/w25qxx_qspi.c:324:6:W25qxx_Write	4136	static
../Core/Src/w25qxx_qspi.c:383:17:QSPI_EnableMemoryMappedMode	80	static
../Core/Src/w25qxx_qspi.c:442:17:QSPI_ResetDevice	72	static
../Core/Src/w25qxx_qspi.c:503:16:QSPI_Send_CMD	80	static
../Core/Src/w25qxx_qspi.c:538:17:QSPI_EnterFourBytesAddress	72	static
../Core/Src/w25qxx_qspi.c:579:17:QSPI_WriteEnable	96	static
../Core/Src/w25qxx_qspi.c:633:17:QSPI_AutoPollingMemReady	96	static
../Core/Src/w25qxx_qspi.c:677:16:QSPI_EnterQPI	48	static
