../Core/Src/z_displ_ILI9XXX.c:54:6:Displ_Select	8	static
../Core/Src/z_displ_ILI9XXX.c:75:6:Displ_Transmit	32	static
../Core/Src/z_displ_ILI9XXX.c:140:6:Displ_WriteCommand	16	static
../Core/Src/z_displ_ILI9XXX.c:153:6:Displ_WriteData	24	static
../Core/Src/z_displ_ILI9XXX.c:165:6:ILI9XXX_Init	8	static
../Core/Src/z_displ_ILI9XXX.c:256:6:Displ_SetAddressWindow	24	static
../Core/Src/z_displ_ILI9XXX.c:276:6:Displ_Init	16	static
../Core/Src/z_displ_ILI9XXX.c:298:6:Displ_Orientation	16	static
../Core/Src/z_displ_ILI9XXX.c:330:6:HAL_SPI_ErrorCallback	16	static
../Core/Src/z_displ_ILI9XXX.c:341:6:HAL_SPI_TxCpltCallback	16	static
../Core/Src/z_displ_ILI9XXX.c:361:6:Displ_FillArea	56	static
../Core/Src/z_displ_ILI9XXX.c:1081:11:Displ_BackLight	16	static
../Core/Src/z_displ_ILI9XXX.c:1148:5:touchgfxDisplayDriverTransmitActive	4	static
../Core/Src/z_displ_ILI9XXX.c:1159:6:touchgfxDisplayDriverTransmitBlock	32	static
