../Core/Src/z_touch_XPT2046.c:42:6:Touch_HandlePenDownInterrupt	8	static
../Core/Src/z_touch_XPT2046.c:51:6:HAL_GPIO_EXTI_Callback	16	static
../Core/Src/z_touch_XPT2046.c:59:6:HAL_GPIO_EXTI_Falling_Callback	16	static
../Core/Src/z_touch_XPT2046.c:63:6:HAL_GPIO_EXTI_Rising_Callback	16	static
../Core/Src/z_touch_XPT2046.c:74:6:Touch_Select	8	static
../Core/Src/z_touch_XPT2046.c:88:6:Touch_UnSelect	8	static
../Core/Src/z_touch_XPT2046.c:101:10:Touch_PollAxis	24	static
../Core/Src/z_touch_XPT2046.c:141:6:Touch_GetXYtouch	48	static
../Core/Src/z_touch_XPT2046.c:221:9:Touch_WaitForTouch	24	static
../Core/Src/z_touch_XPT2046.c:244:9:Touch_WaitForUntouch	24	static
../Core/Src/z_touch_XPT2046.c:281:9:Touch_GotATouch	24	static
../Core/Src/z_touch_XPT2046.c:303:9:Touch_In_XY_area	32	static
../Core/Src/z_touch_XPT2046.c:334:9:Touch_TouchGFXSampleTouch	24	static
